Module Text Indentation
=======================

Use of text_indentation(text)
-----------------------------

print a text with 2 new lines after
	each of these characters ., ?, :
text must be a string
no space at the biginning or at the end
	of each printed line


import text_indentation
>>> text_indentation = __import__('5-text_indentation').text_indentation


basic usage:
text_indentation("""Lorem ipsum dolor sit amet, consectetur adipiscing elit. \
... Quonam modo? Utrum igitur tibi litteram videor an totas paginas commovere? \
... Non autem hoc: igitur ne illud quidem. Fortasse id optimum, sed ubi illud: \
... Plus semper voluptatis? Teneo, inquit, finem illi videri nihil dolere. \
... Transfer idem ad modestiam vel temperantiam, quae est moderatio cupiditatum \
... rationi oboediens. Si id dicis, vicimus. Inde sermone vario sex illa a Dipylo \
... stadia confecimus. Sin aliud quid voles, postea. Quae animi affectio suum \
... cuique tribuens atque hanc, quam dico. Utinam quidem dicerent alium alio \
... beatiorem! Iam ruinas videres""")
Lorem ipsum dolor sit amet, consectetur adipiscing elit.
<BLANKLINE>
Quonam modo?
<BLANKLINE>
Utrum igitur tibi litteram videor an totas paginas commovere?
<BLANKLINE>
Non autem hoc:
<BLANKLINE>
igitur ne illud quidem.
<BLANKLINE>
Fortasse id optimum, sed ubi illud:
<BLANKLINE>
Plus semper voluptatis?
<BLANKLINE>
Teneo, inquit, finem illi videri nihil dolere.
<BLANKLINE>
Transfer idem ad modestiam vel temperantiam, quae est moderatio cupiditatum rationi oboediens.
<BLANKLINE>
Si id dicis, vicimus.
<BLANKLINE>
Inde sermone vario sex illa a Dipylo stadia confecimus.
<BLANKLINE>
Sin aliud quid voles, postea.
<BLANKLINE>
Quae animi affectio suum cuique tribuens atque hanc, quam dico.
<BLANKLINE>
Utinam quidem dicerent alium alio beatiorem! Iam ruinas videres


case text is not str:
>>> text_indentation(12)
Traceback (most recent call last):
...
TypeError: text must be a string

case no argument:
>>> text_indentation()
Traceback (most recent call last):
  File "<stdin>", line 1, in <module>
TypeError: text_indentation() missing 1 required positional argument: 'text'

case small text:
>>> text_indentation("hello world")
hello world

case small text with spec character:
>>> text_indentation("Hello. Are you ok? I think your name is: Abel")
Hello.
<BLANKLINE>
Are you ok?
<BLANKLINE>
I think your name is:
<BLANKLINE>
Abel
